[2m[34mnight[0m · [1,4–24,19 of 64×64] · ~water ♠wood "forage ^rock ,quarried ᴥden ▲fire △cold ⌂shelter ▣oven %pile ☐chest ▤▩wall ·path Ggru ✝grave · agents by initial (lowercase asleep, †dead) · arrows pan, c center · needs-critical & suppressed-mind mark agents, dying marks fire — needs-critical wins when both apply · pile(16,16) 2w · chest(17,14) [Ash] empty 0/48[0m